10-21 04:23:03.809  1103  1234 D AlarmManager: waitForAlarm result:4currentTime=1729466583809, elapsedRealtime=114454529
10-21 04:23:03.811  1103  1234 V BroadcastQueue: Enqueuing BroadcastRecord{47887cd com.supersoft.supervpnfree.Scheduler.EXECUTE_JOB/u0} from uid 10265 pid -1 for 1 receivers
10-21 04:23:03.811  1103  1234 V SomeArgsObtain: sPoolSize = 10,spool is:com.android.internal.os.SomeArgs@ee3bb6a
10-21 04:23:03.812  1103  1162 V SomeArgsRecycle: sPoolSize = 10,spool is:com.android.internal.os.SomeArgs@ee3bb6a
10-21 04:23:03.815  1103  1234 D AlarmManager: sending alarm.type = 0, action = com.supersoft.supervpnfree.Scheduler.EXECUTE_JOB, alarm = Alarm{6407882 type 0 origWhen 1729466583810 whenElapsed 114454529 com.jrzheng.supervpnfree}, cn = null, operation = PendingIntent{40e0cb: PendingIntentRecord{7b55143 com.jrzheng.supervpnfree broadcastIntent}}, listener=null, listenerTag=null, workSource=null
10-21 04:23:03.818  1103  1148 V BroadcastQueue: Enqueuing BroadcastRecord{4b71b93 android.os.action.POWER_SAVE_TEMP_WHITELIST_CHANGED/u0} from uid 1000 pid 1103 for 1 receivers
10-21 04:23:03.819  1103  1148 V SomeArgsObtain: sPoolSize = 10,spool is:com.android.internal.os.SomeArgs@ee3bb6a
10-21 04:23:03.819  1103  1162 V SomeArgsRecycle: sPoolSize = 10,spool is:com.android.internal.os.SomeArgs@ee3bb6a
10-21 04:23:03.821  1103  1893 V AlarmManager: set(PendingIntent{30fb7d0: PendingIntentRecord{7b55143 com.jrzheng.supervpnfree broadcastIntent}}) : type=0 listener=null listenerTag=null workSource=null callingPackage=com.jrzheng.supervpnfree callingUid=10265 triggerAtTime=1729466720103 win=0 tElapsed=114590823 maxElapsed=114590823 interval=0 flags=0x5
10-21 04:23:03.823  1103  4274 D BroadcastQueue: Receiver BroadcastFilter{5d70654 10265/u0 ReceiverList{7d041a7 13317 com.jrzheng.supervpnfree/10265/u0 remote:194da66}} finished with BroadcastRecord{47887cd com.supersoft.supervpnfree.Scheduler.EXECUTE_JOB/u0} took 6ms
10-21 04:23:03.825  1103  1123 V AlarmManager: set(PendingIntent{292d3c9: PendingIntentRecord{7b55143 com.jrzheng.supervpnfree broadcastIntent}}) : type=0 listener=null listenerTag=null workSource=null callingPackage=com.jrzheng.supervpnfree callingUid=10265 triggerAtTime=1729466628823 win=0 tElapsed=114499543 maxElapsed=114499543 interval=0 flags=0x5
10-21 04:23:04.910  1103  1103 V BroadcastQueue: Enqueuing BroadcastRecord{887fe3d android.intent.action.BATTERY_CHANGED/u-1} from uid 1000 pid 1103 for 27 receivers
10-21 04:23:04.910  1103  1103 V SomeArgsRecycle: sPoolSize = 10,spool is:com.android.internal.os.SomeArgs@ee3bb6a
10-21 04:23:04.911  1103  1103 V SomeArgsRecycle: sPoolSize = 10,spool is:com.android.internal.os.SomeArgs@ee3bb6a
10-21 04:23:04.911  1103  1103 V SomeArgsObtain: sPoolSize = 10,spool is:com.android.internal.os.SomeArgs@ee3bb6a
10-21 04:23:04.911  1103  1103 V SomeArgsObtain: sPoolSize = 9,spool is:com.android.internal.os.SomeArgs@2625aea
10-21 04:23:04.911  1103  1103 V SomeArgsObtain: sPoolSize = 8,spool is:com.android.internal.os.SomeArgs@bae51da
10-21 04:23:04.911  1103  1103 V SomeArgsObtain: sPoolSize = 7,spool is:com.android.internal.os.SomeArgs@e58a103
10-21 04:23:04.911  1103  1103 V SomeArgsObtain: sPoolSize = 6,spool is:com.android.internal.os.SomeArgs@60a1c45
10-21 04:23:04.911  1103  1103 V SomeArgsObtain: sPoolSize = 5,spool is:com.android.internal.os.SomeArgs@2806820
10-21 04:23:04.911  1103  1103 V SomeArgsObtain: sPoolSize = 4,spool is:com.android.internal.os.SomeArgs@bbfd861
10-21 04:23:04.911  1103  1103 V SomeArgsObtain: sPoolSize = 3,spool is:com.android.internal.os.SomeArgs@b19ae26
10-21 04:23:04.911  1103  1103 V SomeArgsObtain: sPoolSize = 2,spool is:com.android.internal.os.SomeArgs@fec6074
10-21 04:23:04.911  1103  1103 V SomeArgsObtain: sPoolSize = 1,spool is:com.android.internal.os.SomeArgs@d0fe545
10-21 04:23:04.911  1103  1103 V SomeArgsObtain: sPoolSize = 0,spool is:null
10-21 04:23:04.911  1103  1103 V SomeArgsObtain: sPoolSize = 0,spool is:null
10-21 04:23:04.911  1103  1103 V SomeArgsObtain: sPoolSize = 0,spool is:null
10-21 04:23:04.911  1103  1103 V SomeArgsObtain: sPoolSize = 0,spool is:null
10-21 04:23:04.911  1103  1103 V SomeArgsObtain: sPoolSize = 0,spool is:null
10-21 04:23:04.912  1103  1103 V SomeArgsObtain: sPoolSize = 0,spool is:null
10-21 04:23:04.912  1103  1103 V SomeArgsObtain: sPoolSize = 0,spool is:null
10-21 04:23:04.912  1103  1103 V SomeArgsObtain: sPoolSize = 0,spool is:null
10-21 04:23:04.912  1103  1103 V SomeArgsObtain: sPoolSize = 0,spool is:null
10-21 04:23:04.912  1103  1103 V SomeArgsObtain: sPoolSize = 0,spool is:null
10-21 04:23:04.912  1103  1103 V SomeArgsObtain: sPoolSize = 0,spool is:null
10-21 04:23:04.912  1103  1103 V SomeArgsObtain: sPoolSize = 0,spool is:null
10-21 04:23:04.912  1103  1103 V SomeArgsObtain: sPoolSize = 0,spool is:null
10-21 04:23:04.912  1103  1103 V SomeArgsObtain: sPoolSize = 0,spool is:null
10-21 04:23:04.912  1103  1103 V SomeArgsObtain: sPoolSize = 0,spool is:null
10-21 04:23:04.912  1103  1103 V SomeArgsObtain: sPoolSize = 0,spool is:null
10-21 04:23:04.912  1103  1103 V SomeArgsObtain: sPoolSize = 0,spool is:null
10-21 04:23:04.913  1103  1162 V SomeArgsRecycle: sPoolSize = 1,spool is:com.android.internal.os.SomeArgs@ee3bb6a
10-21 04:23:04.913  1103  1162 V SomeArgsRecycle: sPoolSize = 2,spool is:com.android.internal.os.SomeArgs@2625aea
10-21 04:23:04.916  1103  1162 V SomeArgsRecycle: sPoolSize = 3,spool is:com.android.internal.os.SomeArgs@bae51da
10-21 04:23:04.917  1103  1162 V SomeArgsRecycle: sPoolSize = 4,spool is:com.android.internal.os.SomeArgs@e58a103
10-21 04:23:04.917  1103  1162 V SomeArgsRecycle: sPoolSize = 5,spool is:com.android.internal.os.SomeArgs@60a1c45
10-21 04:23:04.918  1103  1162 V SomeArgsRecycle: sPoolSize = 6,spool is:com.android.internal.os.SomeArgs@2806820
10-21 04:23:04.918  1103  1162 V SomeArgsRecycle: sPoolSize = 7,spool is:com.android.internal.os.SomeArgs@bbfd861
10-21 04:23:04.918  1103  1162 V SomeArgsRecycle: sPoolSize = 8,spool is:com.android.internal.os.SomeArgs@b19ae26
10-21 04:23:04.919  1103  1162 V SomeArgsRecycle: sPoolSize = 9,spool is:com.android.internal.os.SomeArgs@fec6074
10-21 04:23:04.919  1103  1103 D TemperatureManagerService: runinAppStartFlag: 0
10-21 04:23:04.919  1103  1103 D TAG     : Country is Empty, set Countrys is DEFAULT_35_DEGREE_COUNYRYS
10-21 04:23:04.919  1103  1103 D TemperatureManagerService: current area is LK, mPlugType = 0, mEnvironmentTemperature = 306, current batteryTemperature = 325, switch from 25 newRegulationsRules to 35 oldRegulationsRules
10-21 04:23:04.919  1103  1162 V SomeArgsRecycle: sPoolSize = 10,spool is:com.android.internal.os.SomeArgs@d0fe545
10-21 04:23:04.920  1103  1162 V SomeArgsRecycle: sPoolSize = 10,spool is:com.android.internal.os.SomeArgs@d0fe545
10-21 04:23:04.920  1103  1162 V SomeArgsRecycle: sPoolSize = 10,spool is:com.android.internal.os.SomeArgs@d0fe545
10-21 04:23:04.921  1103  1162 V SomeArgsRecycle: sPoolSize = 10,spool is:com.android.internal.os.SomeArgs@d0fe545
10-21 04:23:04.921  1103  1162 V SomeArgsRecycle: sPoolSize = 10,spool is:com.android.internal.os.SomeArgs@d0fe545
10-21 04:23:04.921  1103  1162 V SomeArgsRecycle: sPoolSize = 10,spool is:com.android.internal.os.SomeArgs@d0fe545
10-21 04:23:04.922  1103  1162 V SomeArgsRecycle: sPoolSize = 10,spool is:com.android.internal.os.SomeArgs@d0fe545
10-21 04:23:04.922  1103  1162 V SomeArgsRecycle: sPoolSize = 10,spool is:com.android.internal.os.SomeArgs@d0fe545
10-21 04:23:04.924  1103  1162 V SomeArgsRecycle: sPoolSize = 10,spool is:com.android.internal.os.SomeArgs@d0fe545
10-21 04:23:04.924  1103  1162 V SomeArgsRecycle: sPoolSize = 10,spool is:com.android.internal.os.SomeArgs@d0fe545
10-21 04:23:04.925  1103  1162 V SomeArgsRecycle: sPoolSize = 10,spool is:com.android.internal.os.SomeArgs@d0fe545
10-21 04:23:04.926  1103  1162 V SomeArgsRecycle: sPoolSize = 10,spool is:com.android.internal.os.SomeArgs@d0fe545
10-21 04:23:05.411  1103  1162 V SomeArgsRecycle: sPoolSize = 10,spool is:com.android.internal.os.SomeArgs@d0fe545
10-21 04:23:05.413  1103  1162 V SomeArgsRecycle: sPoolSize = 10,spool is:com.android.internal.os.SomeArgs@d0fe545
10-21 04:23:05.414  1103  1162 V SomeArgsRecycle: sPoolSize = 10,spool is:com.android.internal.os.SomeArgs@d0fe545
10-21 04:23:05.415  1103  1162 V SomeArgsRecycle: sPoolSize = 10,spool is:com.android.internal.os.SomeArgs@d0fe545
10-21 04:23:06.726  1103  1227 D ActivityManager: freezing 10861 com.whatsapp
10-21 04:23:07.743  1103  1123 D ActivityManager: Skip enqueue broadcast because no receiver with Intent { act=android.intent.action.SIG_STR flg=0x10 (has extras) }
10-21 04:23:08.315  1103  1261 V BroadcastQueue: Enqueuing BroadcastRecord{5f8093a com.android.server.action.NETWORK_STATS_UPDATED/u-1} from uid 1000 pid 1103 for 1 receivers
10-21 04:23:08.316  1103  1261 V SomeArgsObtain: sPoolSize = 10,spool is:com.android.internal.os.SomeArgs@d0fe545
10-21 04:23:08.316  1103  1162 V SomeArgsRecycle: sPoolSize = 10,spool is:com.android.internal.os.SomeArgs@d0fe545
10-21 04:23:08.435  1103  1261 V BroadcastQueue: Enqueuing BroadcastRecord{77b45e1 com.android.server.action.NETWORK_STATS_UPDATED/u-1} from uid 1000 pid 1103 for 1 receivers
10-21 04:23:08.436  1103  1261 V SomeArgsObtain: sPoolSize = 10,spool is:com.android.internal.os.SomeArgs@d0fe545
10-21 04:23:08.437  1103  1162 V SomeArgsRecycle: sPoolSize = 10,spool is:com.android.internal.os.SomeArgs@d0fe545
10-21 04:23:11.737  1103  1148 V SomeArgsObtain: sPoolSize = 10,spool is:com.android.internal.os.SomeArgs@d0fe545
10-21 04:23:11.738  1103  1218 V SomeArgsRecycle: sPoolSize = 10,spool is:com.android.internal.os.SomeArgs@d0fe545
10-21 04:23:11.741  1103  1148 V SomeArgsObtain: sPoolSize = 10,spool is:com.android.internal.os.SomeArgs@d0fe545
10-21 04:23:11.742  1103  1218 V SomeArgsRecycle: sPoolSize = 10,spool is:com.android.internal.os.SomeArgs@d0fe545
10-21 04:23:12.208  1103  1261 V BroadcastQueue: Enqueuing BroadcastRecord{45507a7 com.android.server.action.NETWORK_STATS_UPDATED/u-1} from uid 1000 pid 1103 for 1 receivers
10-21 04:23:12.209  1103  1261 V SomeArgsObtain: sPoolSize = 10,spool is:com.android.internal.os.SomeArgs@d0fe545
10-21 04:23:12.209  1103  1162 V SomeArgsRecycle: sPoolSize = 10,spool is:com.android.internal.os.SomeArgs@d0fe545
10-21 04:23:13.824  1103  1218 W ProcessStats: Tracking association SourceState{31d7ace com.android.phone/1001 Persist #375186} whose proc state 0 is better than process ProcessState{345a72a com.spreadtrum.ims/1001 pkg=com.spreadtrum.ims} proc state 5 (14 skipped)
10-21 04:23:13.825  1103  1218 V BroadcastQueue: Enqueuing BroadcastRecord{534d9ec android.os.action.POWER_SAVE_TEMP_WHITELIST_CHANGED/u0} from uid 1000 pid 1103 for 1 receivers
10-21 04:23:13.826  1103  1218 V SomeArgsObtain: sPoolSize = 10,spool is:com.android.internal.os.SomeArgs@d0fe545
10-21 04:23:13.828  1103  1162 V SomeArgsRecycle: sPoolSize = 10,spool is:com.android.internal.os.SomeArgs@d0fe545
10-21 04:23:15.418  1103  1123 D ActivityManager: Skip enqueue broadcast because no receiver with Intent { act=android.intent.action.SIG_STR flg=0x10 (has extras) }
10-21 04:23:15.922  1103  1103 V BroadcastQueue: Enqueuing BroadcastRecord{adca225 android.intent.action.BATTERY_CHANGED/u-1} from uid 1000 pid 1103 for 27 receivers
10-21 04:23:15.922  1103  1103 V SomeArgsRecycle: sPoolSize = 10,spool is:com.android.internal.os.SomeArgs@d0fe545
10-21 04:23:15.923  1103  1103 V SomeArgsRecycle: sPoolSize = 10,spool is:com.android.internal.os.SomeArgs@d0fe545
10-21 04:23:15.923  1103  1103 V SomeArgsObtain: sPoolSize = 10,spool is:com.android.internal.os.SomeArgs@d0fe545
10-21 04:23:15.923  1103  1103 V SomeArgsObtain: sPoolSize = 9,spool is:com.android.internal.os.SomeArgs@fec6074
10-21 04:23:15.923  1103  1103 V SomeArgsObtain: sPoolSize = 8,spool is:com.android.internal.os.SomeArgs@b19ae26
10-21 04:23:15.923  1103  1103 V SomeArgsObtain: sPoolSize = 7,spool is:com.android.internal.os.SomeArgs@bbfd861
10-21 04:23:15.924  1103  1103 V SomeArgsObtain: sPoolSize = 6,spool is:com.android.internal.os.SomeArgs@2806820
10-21 04:23:15.924  1103  1103 V SomeArgsObtain: sPoolSize = 5,spool is:com.android.internal.os.SomeArgs@60a1c45
10-21 04:23:15.924  1103  1103 V SomeArgsObtain: sPoolSize = 4,spool is:com.android.internal.os.SomeArgs@e58a103
10-21 04:23:15.924  1103  1103 V SomeArgsObtain: sPoolSize = 3,spool is:com.android.internal.os.SomeArgs@bae51da
10-21 04:23:15.924  1103  1103 V SomeArgsObtain: sPoolSize = 2,spool is:com.android.internal.os.SomeArgs@2625aea
10-21 04:23:15.924  1103  1103 V SomeArgsObtain: sPoolSize = 1,spool is:com.android.internal.os.SomeArgs@ee3bb6a
10-21 04:23:15.924  1103  1103 V SomeArgsObtain: sPoolSize = 0,spool is:null
10-21 04:23:15.924  1103  1103 V SomeArgsObtain: sPoolSize = 0,spool is:null
10-21 04:23:15.924  1103  1103 V SomeArgsObtain: sPoolSize = 0,spool is:null
10-21 04:23:15.924  1103  1103 V SomeArgsObtain: sPoolSize = 0,spool is:null
10-21 04:23:15.924  1103  1103 V SomeArgsObtain: sPoolSize = 0,spool is:null
10-21 04:23:15.924  1103  1103 V SomeArgsObtain: sPoolSize = 0,spool is:null
10-21 04:23:15.924  1103  1103 V SomeArgsObtain: sPoolSize = 0,spool is:null
10-21 04:23:15.924  1103  1103 V SomeArgsObtain: sPoolSize = 0,spool is:null
10-21 04:23:15.924  1103  1103 V SomeArgsObtain: sPoolSize = 0,spool is:null
10-21 04:23:15.924  1103  1103 V SomeArgsObtain: sPoolSize = 0,spool is:null
10-21 04:23:15.925  1103  1103 V SomeArgsObtain: sPoolSize = 0,spool is:null
10-21 04:23:15.925  1103  1103 V SomeArgsObtain: sPoolSize = 0,spool is:null
10-21 04:23:15.925  1103  1103 V SomeArgsObtain: sPoolSize = 0,spool is:null
10-21 04:23:15.925  1103  1103 V SomeArgsObtain: sPoolSize = 0,spool is:null
10-21 04:23:15.925  1103  1103 V SomeArgsObtain: sPoolSize = 0,spool is:null
10-21 04:23:15.925  1103  1103 V SomeArgsObtain: sPoolSize = 0,spool is:null
10-21 04:23:15.925  1103  1103 V SomeArgsObtain: sPoolSize = 0,spool is:null
10-21 04:23:15.925  1103  1162 V SomeArgsRecycle: sPoolSize = 1,spool is:com.android.internal.os.SomeArgs@d0fe545
10-21 04:23:15.926  1103  1162 V SomeArgsRecycle: sPoolSize = 2,spool is:com.android.internal.os.SomeArgs@fec6074
10-21 04:23:15.927  1103  1162 V SomeArgsRecycle: sPoolSize = 3,spool is:com.android.internal.os.SomeArgs@b19ae26
10-21 04:23:15.927  1103  1162 V SomeArgsRecycle: sPoolSize = 4,spool is:com.android.internal.os.SomeArgs@bbfd861
10-21 04:23:15.928  1103  1162 V SomeArgsRecycle: sPoolSize = 5,spool is:com.android.internal.os.SomeArgs@2806820
10-21 04:23:15.929  1103  1162 V SomeArgsRecycle: sPoolSize = 6,spool is:com.android.internal.os.SomeArgs@60a1c45
10-21 04:23:15.929  1103  1162 V SomeArgsRecycle: sPoolSize = 7,spool is:com.android.internal.os.SomeArgs@e58a103
10-21 04:23:15.929  1103  1162 V SomeArgsRecycle: sPoolSize = 8,spool is:com.android.internal.os.SomeArgs@bae51da
10-21 04:23:15.929  1103  1162 V SomeArgsRecycle: sPoolSize = 9,spool is:com.android.internal.os.SomeArgs@2625aea
10-21 04:23:15.930  1103  1162 V SomeArgsRecycle: sPoolSize = 10,spool is:com.android.internal.os.SomeArgs@ee3bb6a
10-21 04:23:15.930  1103  1162 V SomeArgsRecycle: sPoolSize = 10,spool is:com.android.internal.os.SomeArgs@ee3bb6a
10-21 04:23:15.930  1103  1162 V SomeArgsRecycle: sPoolSize = 10,spool is:com.android.internal.os.SomeArgs@ee3bb6a
10-21 04:23:15.930  1103  1103 D TemperatureManagerService: runinAppStartFlag: 0
10-21 04:23:15.930  1103  1103 D TAG     : Country is Empty, set Countrys is DEFAULT_35_DEGREE_COUNYRYS
10-21 04:23:15.930  1103  1103 D TemperatureManagerService: current area is LK, mPlugType = 0, mEnvironmentTemperature = 306, current batteryTemperature = 324, switch from 25 newRegulationsRules to 35 oldRegulationsRules
10-21 04:23:15.930  1103  1162 V SomeArgsRecycle: sPoolSize = 10,spool is:com.android.internal.os.SomeArgs@ee3bb6a
10-21 04:23:15.931  1103  1162 V SomeArgsRecycle: sPoolSize = 10,spool is:com.android.internal.os.SomeArgs@ee3bb6a
10-21 04:23:15.931  1103  1162 V SomeArgsRecycle: sPoolSize = 10,spool is:com.android.internal.os.SomeArgs@ee3bb6a
10-21 04:23:15.931  1103  1162 V SomeArgsRecycle: sPoolSize = 10,spool is:com.android.internal.os.SomeArgs@ee3bb6a
10-21 04:23:15.932  1103  1162 V SomeArgsRecycle: sPoolSize = 10,spool is:com.android.internal.os.SomeArgs@ee3bb6a
10-21 04:23:15.932  1103  1162 V SomeArgsRecycle: sPoolSize = 10,spool is:com.android.internal.os.SomeArgs@ee3bb6a
10-21 04:23:15.933  1103  1162 V SomeArgsRecycle: sPoolSize = 10,spool is:com.android.internal.os.SomeArgs@ee3bb6a
10-21 04:23:15.933  1103  1162 V SomeArgsRecycle: sPoolSize = 10,spool is:com.android.internal.os.SomeArgs@ee3bb6a
10-21 04:23:15.933  1103  1162 V SomeArgsRecycle: sPoolSize = 10,spool is:com.android.internal.os.SomeArgs@ee3bb6a
10-21 04:23:16.424  1103  1162 V SomeArgsRecycle: sPoolSize = 10,spool is:com.android.internal.os.SomeArgs@ee3bb6a
10-21 04:23:16.425  1103  1162 V SomeArgsRecycle: sPoolSize = 10,spool is:com.android.internal.os.SomeArgs@ee3bb6a
10-21 04:23:16.425  1103  1162 V SomeArgsRecycle: sPoolSize = 10,spool is:com.android.internal.os.SomeArgs@ee3bb6a
10-21 04:23:16.425  1103  1162 V SomeArgsRecycle: sPoolSize = 10,spool is:com.android.internal.os.SomeArgs@ee3bb6a
10-21 04:23:17.766  1103  1227 D ActivityManager: freezing 23929 com.google.android.gms
10-21 04:23:20.428  1103  1234 D AlarmManager: waitForAlarm result:4currentTime=1729466600427, elapsedRealtime=114471147
10-21 04:23:20.432  1103  1234 D AlarmManager: sending alarm.type = 2, action = null, alarm = Alarm{8e1056f type 2 origWhen 114471147 whenElapsed 114471147 com.google.android.gms}, cn = null, operation = null, listener=android.app.IAlarmListener$Stub$Proxy@ddc3396, listenerTag=NetworkLocationLocator, workSource=WorkSource{1010124 com.google.android.gms}
10-21 04:23:20.463  1103  1270 I Telecom : : isInEmergencyCall: false: TSI.iIEC@Q1c
10-21 04:23:20.468  1103  1270 V AlarmManager: set(null) : type=2 listener=android.app.AlarmManager$ListenerWrapper@54d835a listenerTag=WificondScannerImpl Scan Timeout workSource=null callingPackage=android callingUid=1000 triggerAtTime=114486187 win=11250 tElapsed=114486187 maxElapsed=114497437 interval=0 flags=0x8
10-21 04:23:20.538  1103  1261 V BroadcastQueue: Enqueuing BroadcastRecord{63a1e81 com.android.server.action.NETWORK_STATS_UPDATED/u-1} from uid 1000 pid 1103 for 1 receivers
10-21 04:23:20.539  1103  1261 V SomeArgsObtain: sPoolSize = 10,spool is:com.android.internal.os.SomeArgs@ee3bb6a
10-21 04:23:20.540  1103  1162 V SomeArgsRecycle: sPoolSize = 10,spool is:com.android.internal.os.SomeArgs@ee3bb6a
10-21 04:23:21.752  1103  1227 D ActivityManager: freezing 28716 com.google.android.permissioncontroller
10-21 04:23:22.281  1103  1893 D ActivityManager: Skip enqueue broadcast because no receiver with Intent { act=android.intent.action.SIG_STR flg=0x10 (has extras) }
10-21 04:23:22.687  1103  1893 D ActivityManager: sync unfroze 23929 com.google.android.gms for 6
10-21 04:23:23.813  1103  1149 W NotifHistoryProto: notification package name (com.whatsapp) not found in string cache
10-21 04:23:23.813  1103  1149 W NotifHistoryProto: notification channel name (Message notifications) not found in string cache
10-21 04:23:23.813  1103  1149 W NotifHistoryProto: notification channel id (individual_chat_defaults_1) not found in string cache
10-21 04:23:23.814  1103  1149 W NotifHistoryProto: notification package name (com.whatsapp) not found in string cache
10-21 04:23:23.814  1103  1149 W NotifHistoryProto: notification channel name (Message notifications) not found in string cache
10-21 04:23:23.814  1103  1149 W NotifHistoryProto: notification channel id (individual_chat_defaults_1) not found in string cache
10-21 04:23:23.814  1103  1149 W NotifHistoryProto: notification package name (com.google.android.gms) not found in string cache
10-21 04:23:23.814  1103  1149 W NotifHistoryProto: notification channel name (Account action required) not found in string cache
10-21 04:23:23.814  1103  1149 W NotifHistoryProto: notification channel id (com.google.android.gms.auth.base.Notifications.AuthGroup.AccountReauth) not found in string cache
10-21 04:23:23.814  1103  1149 W NotifHistoryProto: notification package name (com.whatsapp) not found in string cache
10-21 04:23:23.814  1103  1149 W NotifHistoryProto: notification channel name (Message notifications) not found in string cache
10-21 04:23:23.814  1103  1149 W NotifHistoryProto: notification channel id (individual_chat_defaults_1) not found in string cache
10-21 04:23:23.814  1103  1149 W NotifHistoryProto: notification package name (com.whatsapp) not found in string cache
10-21 04:23:23.814  1103  1149 W NotifHistoryProto: notification channel name (Message notifications) not found in string cache
10-21 04:23:23.814  1103  1149 W NotifHistoryProto: notification channel id (individual_chat_defaults_1) not found in string cache
10-21 04:23:23.814  1103  1149 W NotifHistoryProto: notification package name (com.twitter.android) not found in string cache
10-21 04:23:23.814  1103  1149 W NotifHistoryProto: notification channel name (Posts from people you follow) not found in string cache
10-21 04:23:23.814  1103  1149 W NotifHistoryProto: notification channel id (1007460252370038790-tweet_notifications_silent) not found in string cache
10-21 04:23:23.814  1103  1149 W NotifHistoryProto: notification package name (com.twitter.android) not found in string cache
10-21 04:23:23.814  1103  1149 W NotifHistoryProto: notification channel name (Posts from people you follow) not found in string cache
10-21 04:23:23.814  1103  1149 W NotifHistoryProto: notification channel id (1007460252370038790-tweet_notifications_silent) not found in string cache
10-21 04:23:23.814  1103  1149 W NotifHistoryProto: notification package name (com.whatsapp) not found in string cache
10-21 04:23:23.814  1103  1149 W NotifHistoryProto: notification channel name (Silent notifications) not found in string cache
10-21 04:23:23.814  1103  1149 W NotifHistoryProto: notification channel id (silent_notifications_3) not found in string cache
10-21 04:23:23.814  1103  1149 W NotifHistoryProto: notification package name (com.twitter.android) not found in string cache
10-21 04:23:23.814  1103  1149 W NotifHistoryProto: notification channel name (Posts from people you follow) not found in string cache
10-21 04:23:23.814  1103  1149 W NotifHistoryProto: notification channel id (1007460252370038790-tweet_notifications_silent) not found in string cache
10-21 04:23:23.814  1103  1149 W NotifHistoryProto: notification package name (com.whatsapp) not found in string cache
10-21 04:23:23.814  1103  1149 W NotifHistoryProto: notification channel name (Message notifications) not found in string cache
10-21 04:23:23.814  1103  1149 W NotifHistoryProto: notification channel id (individual_chat_defaults_1) not found in string cache
10-21 04:23:23.814  1103  1149 W NotifHistoryProto: notification package name (com.twitter.android) not found in string cache
10-21 04:23:23.814  1103  1149 W NotifHistoryProto: notification channel name (Posts from people you follow) not found in string cache
10-21 04:23:23.814  1103  1149 W NotifHistoryProto: notification channel id (1007460252370038790-tweet_notifications_silent) not found in string cache
10-21 04:23:23.814  1103  1149 W NotifHistoryProto: notification package name (com.whatsapp) not found in string cache
10-21 04:23:23.814  1103  1149 W NotifHistoryProto: notification channel name (Message notifications) not found in string cache
10-21 04:23:23.814  1103  1149 W NotifHistoryProto: notification channel id (individual_chat_defaults_1) not found in string cache
10-21 04:23:23.814  1103  1149 W NotifHistoryProto: notification package name (com.twitter.android) not found in string cache
10-21 04:23:23.814  1103  1149 W NotifHistoryProto: notification channel name (Posts from people you follow) not found in string cache
10-21 04:23:23.814  1103  1149 W NotifHistoryProto: notification channel id (1007460252370038790-tweet_notifications_silent) not found in string cache
10-21 04:23:23.815  1103  1149 W NotifHistoryProto: notification package name (com.twitter.android) not found in string cache
10-21 04:23:23.815  1103  1149 W NotifHistoryProto: notification channel name (Posts from people you follow) not found in string cache
10-21 04:23:23.815  1103  1149 W NotifHistoryProto: notification channel id (1007460252370038790-tweet_notifications_silent) not found in string cache
10-21 04:23:23.815  1103  1149 W NotifHistoryProto: notification package name (com.twitter.android) not found in string cache
10-21 04:23:23.815  1103  1149 W NotifHistoryProto: notification channel name (Posts from people you follow) not found in string cache
10-21 04:23:23.815  1103  1149 W NotifHistoryProto: notification channel id (1007460252370038790-tweet_notifications_silent) not found in string cache
10-21 04:23:23.815  1103  1149 W NotifHistoryProto: notification package name (com.whatsapp) not found in string cache
10-21 04:23:23.815  1103  1149 W NotifHistoryProto: notification channel name (Message notifications) not found in string cache
10-21 04:23:23.815  1103  1149 W NotifHistoryProto: notification channel id (individual_chat_defaults_1) not found in string cache
10-21 04:23:23.815  1103  1149 W NotifHistoryProto: notification package name (com.twitter.android) not found in string cache
10-21 04:23:23.815  1103  1149 W NotifHistoryProto: notification channel name (Posts from people you follow) not found in string cache
10-21 04:23:23.815  1103  1149 W NotifHistoryProto: notification channel id (1007460252370038790-tweet_notifications_silent) not found in string cache
10-21 04:23:23.815  1103  1149 W NotifHistoryProto: notification package name (com.whatsapp) not found in string cache
10-21 04:23:23.815  1103  1149 W NotifHistoryProto: notification channel name (Message notifications) not found in string cache
10-21 04:23:23.815  1103  1149 W NotifHistoryProto: notification channel id (individual_chat_defaults_1) not found in string cache
10-21 04:23:23.815  1103  1149 W NotifHistoryProto: notification package name (com.twitter.android) not found in string cache
10-21 04:23:23.815  1103  1149 W NotifHistoryProto: notification channel name (Posts from people you follow) not found in string cache
10-21 04:23:23.815  1103  1149 W NotifHistoryProto: notification channel id (1007460252370038790-tweet_notifications_silent) not found in string cache
10-21 04:23:23.815  1103  1149 W NotifHistoryProto: notification package name (com.google.android.gms) not found in string cache
10-21 04:23:23.815  1103  1149 W NotifHistoryProto: notification channel name (Account action required) not found in string cache
10-21 04:23:23.815  1103  1149 W NotifHistoryProto: notification channel id (com.google.android.gms.auth.base.Notifications.AuthGroup.AccountReauth) not found in string cache
10-21 04:23:23.815  1103  1149 W NotifHistoryProto: notification package name (com.twitter.android) not found in string cache
10-21 04:23:23.815  1103  1149 W NotifHistoryProto: notification channel name (Posts from people you follow) not found in string cache
10-21 04:23:23.815  1103  1149 W NotifHistoryProto: notification channel id (1007460252370038790-tweet_notifications_silent) not found in string cache
10-21 04:23:23.815  1103  1149 W NotifHistoryProto: notification package name (com.twitter.android) not found in string cache
10-21 04:23:23.815  1103  1149 W NotifHistoryProto: notification channel name (Posts from people you follow) not found in string cache
10-21 04:23:23.815  1103  1149 W NotifHistoryProto: notification channel id (1007460252370038790-tweet_notifications_silent) not found in string cache
10-21 04:23:23.815  1103  1149 W NotifHistoryProto: notification package name (com.twitter.android) not found in string cache
10-21 04:23:23.815  1103  1149 W NotifHistoryProto: notification channel name (Posts from people you follow) not found in string cache
10-21 04:23:23.815  1103  1149 W NotifHistoryProto: notification channel id (1007460252370038790-tweet_notifications_silent) not found in string cache
10-21 04:23:23.815  1103  1149 W NotifHistoryProto: notification package name (com.twitter.android) not found in string cache
10-21 04:23:23.815  1103  1149 W NotifHistoryProto: notification channel name (Posts from people you follow) not found in string cache
10-21 04:23:23.815  1103  1149 W NotifHistoryProto: notification channel id (1007460252370038790-tweet_notifications_silent) not found in string cache
10-21 04:23:23.815  1103  1149 W NotifHistoryProto: notification package name (com.whatsapp) not found in string cache
10-21 04:23:23.816  1103  1149 W NotifHistoryProto: notification channel name (Message notifications) not found in string cache
10-21 04:23:23.816  1103  1149 W NotifHistoryProto: notification channel id (individual_chat_defaults_1) not found in string cache
10-21 04:23:23.816  1103  1149 W NotifHistoryProto: notification package name (com.twitter.android) not found in string cache
10-21 04:23:23.816  1103  1149 W NotifHistoryProto: notification channel name (Posts from people you follow) not found in string cache
10-21 04:23:23.816  1103  1149 W NotifHistoryProto: notification channel id (1007460252370038790-tweet_notifications_silent) not found in string cache
10-21 04:23:23.816  1103  1149 W NotifHistoryProto: notification package name (com.twitter.android) not found in string cache
10-21 04:23:23.816  1103  1149 W NotifHistoryProto: notification channel name (Posts from people you follow) not found in string cache
10-21 04:23:23.816  1103  1149 W NotifHistoryProto: notification channel id (1007460252370038790-tweet_notifications_silent) not found in string cache
10-21 04:23:23.816  1103  1149 W NotifHistoryProto: notification package name (com.google.android.gms) not found in string cache
10-21 04:23:23.816  1103  1149 W NotifHistoryProto: notification channel name (Account action required) not found in string cache
10-21 04:23:23.816  1103  1149 W NotifHistoryProto: notification channel id (com.google.android.gms.auth.base.Notifications.AuthGroup.AccountReauth) not found in string cache
10-21 04:23:23.816  1103  1149 W NotifHistoryProto: notification package name (com.whatsapp) not found in string cache
10-21 04:23:23.816  1103  1149 W NotifHistoryProto: notification channel name (Message notifications) not found in string cache
10-21 04:23:23.816  1103  1149 W NotifHistoryProto: notification channel id (individual_chat_defaults_1) not found in string cache
10-21 04:23:23.816  1103  1149 W NotifHistoryProto: notification package name (com.whatsapp) not found in string cache
10-21 04:23:23.816  1103  1149 W NotifHistoryProto: notification channel name (Silent notifications) not found in string cache
10-21 04:23:23.816  1103  1149 W NotifHistoryProto: notification channel id (silent_notifications_3) not found in string cache
10-21 04:23:23.816  1103  1149 W NotifHistoryProto: notification package name (com.twitter.android) not found in string cache
10-21 04:23:23.816  1103  1149 W NotifHistoryProto: notification channel name (Posts from people you follow) not found in string cache
10-21 04:23:23.816  1103  1149 W NotifHistoryProto: notification channel id (1007460252370038790-tweet_notifications_silent) not found in string cache
10-21 04:23:23.816  1103  1149 W NotifHistoryProto: notification package name (com.whatsapp) not found in string cache
10-21 04:23:23.816  1103  1149 W NotifHistoryProto: notification channel name (Silent notifications) not found in string cache
10-21 04:23:23.816  1103  1149 W NotifHistoryProto: notification channel id (silent_notifications_3) not found in string cache
10-21 04:23:23.816  1103  1149 W NotifHistoryProto: notification package name (com.whatsapp) not found in string cache
10-21 04:23:23.816  1103  1149 W NotifHistoryProto: notification channel name (Message notifications) not found in string cache
10-21 04:23:23.816  1103  1149 W NotifHistoryProto: notification channel id (individual_chat_defaults_1) not found in string cache
10-21 04:23:23.816  1103  1149 W NotifHistoryProto: notification package name (com.whatsapp) not found in string cache
10-21 04:23:23.816  1103  1149 W NotifHistoryProto: notification channel name (Message notifications) not found in string cache
10-21 04:23:23.816  1103  1149 W NotifHistoryProto: notification channel id (individual_chat_defaults_1) not found in string cache
10-21 04:23:24.276  1103  1893 V AlarmManager: set(null) : type=2 listener=android.app.IAlarmListener$Stub$Proxy@214c457 listenerTag=NetworkLocationLocator workSource=WorkSource{1010124 com.google.android.gms} callingPackage=com.google.android.gms callingUid=1010124 triggerAtTime=114591168 win=0 tElapsed=114591168 maxElapsed=114591168 interval=0 flags=0x1
10-21 04:23:25.138  1103  1123 V AlarmManager: set(PendingIntent{8f44b44: PendingIntentRecord{dabc2bb com.google.android.gms/com.google.android.gms.gcm broadcastIntent}}) : type=2 listener=null listenerTag=null workSource=null callingPackage=com.google.android.gms callingUid=10124 triggerAtTime=114825856 win=0 tElapsed=114825856 maxElapsed=114825856 interval=0 flags=0x21
10-21 04:23:25.156  1103  1123 V AlarmManager: set(PendingIntent{b8cd7b0: PendingIntentRecord{3dc4a20 com.google.android.gms/com.google.android.gms.gcm broadcastIntent}}) : type=2 listener=null listenerTag=null workSource=null callingPackage=com.google.android.gms callingUid=10124 triggerAtTime=114595873 win=0 tElapsed=114595873 maxElapsed=114595873 interval=0 flags=0x21
10-21 04:23:25.162  1103  1123 V BroadcastQueue: Enqueuing BroadcastRecord{6cfa629 com.google.android.c2dm.intent.RECEIVE/u0} from uid 10124 pid 1805 for 1 receivers
10-21 04:23:25.162  1103  1123 V SomeArgsObtain: sPoolSize = 10,spool is:com.android.internal.os.SomeArgs@ee3bb6a
10-21 04:23:25.165  1103  1162 D ActivityManager: sync unfroze 10861 com.whatsapp for 3
10-21 04:23:25.166  1103  1162 V SomeArgsRecycle: sPoolSize = 10,spool is:com.android.internal.os.SomeArgs@ee3bb6a
10-21 04:23:25.172  1103  1162 W ProcessStats: Tracking association SourceState{31d7ace com.android.phone/1001 Persist #375223} whose proc state 0 is better than process ProcessState{345a72a com.spreadtrum.ims/1001 pkg=com.spreadtrum.ims} proc state 5 (12 skipped)
10-21 04:23:25.172  1103  1148 V SomeArgsObtain: sPoolSize = 10,spool is:com.android.internal.os.SomeArgs@ee3bb6a
10-21 04:23:25.172  1103  1218 V SomeArgsRecycle: sPoolSize = 10,spool is:com.android.internal.os.SomeArgs@ee3bb6a
10-21 04:23:25.173  1103  1148 V BroadcastQueue: Enqueuing BroadcastRecord{7c06dae android.os.action.POWER_SAVE_TEMP_WHITELIST_CHANGED/u0} from uid 1000 pid 1103 for 1 receivers
10-21 04:23:25.174  1103  1148 V SomeArgsObtain: sPoolSize = 10,spool is:com.android.internal.os.SomeArgs@ee3bb6a
10-21 04:23:25.178  1103  1162 V SomeArgsRecycle: sPoolSize = 10,spool is:com.android.internal.os.SomeArgs@ee3bb6a
10-21 04:23:25.189  1103  1148 V SomeArgsObtain: sPoolSize = 10,spool is:com.android.internal.os.SomeArgs@ee3bb6a
10-21 04:23:25.194  1103  1287 V AlarmManager: set(PendingIntent{804f161: PendingIntentRecord{dabc2bb com.google.android.gms/com.google.android.gms.gcm broadcastIntent}}) : type=2 listener=null listenerTag=null workSource=null callingPackage=com.google.android.gms callingUid=10124 triggerAtTime=114825913 win=0 tElapsed=114825913 maxElapsed=114825913 interval=0 flags=0x21
10-21 04:23:25.199  1103  1218 V SomeArgsRecycle: sPoolSize = 10,spool is:com.android.internal.os.SomeArgs@ee3bb6a
10-21 04:23:25.232  1103  1148 V SomeArgsObtain: sPoolSize = 10,spool is:com.android.internal.os.SomeArgs@ee3bb6a
10-21 04:23:25.235  1103  4284 D BroadcastQueue: Receiver ResolveInfo{37e970c com.whatsapp/com.google.firebase.iid.FirebaseInstanceIdReceiver m=0x108000 userHandle=UserHandle{0}} finished with BroadcastRecord{6cfa629 com.google.android.c2dm.intent.RECEIVE/u0} took 63ms
10-21 04:23:25.236  1103  4284 V SomeArgsRecycle: sPoolSize = 10,spool is:com.android.internal.os.SomeArgs@e342855
10-21 04:23:25.237  1103  1218 V SomeArgsRecycle: sPoolSize = 10,spool is:com.android.internal.os.SomeArgs@e342855
10-21 04:23:25.242  1103  1893 I ActivityManager: Background started FGS: Allowed [callingPackage: com.whatsapp; callingUid: 10229; uidState: TRNB; uidBFSL: n/a; intent: Intent { cmp=com.whatsapp/.service.GcmFGService }; code:PUSH_MESSAGING; tempAllowListReason:<6cfa629 com.google.android.c2dm.intent.RECEIVE/u0,reasonCode:PUSH_MESSAGING,duration:20000,callingUid:10124>; targetSdkVersion:34; callerTargetSdkVersion:34; startForegroundCount:0; bindFromPackage:null: isBindService:false]
10-21 04:23:25.250  1103  1148 V SomeArgsObtain: sPoolSize = 10,spool is:com.android.internal.os.SomeArgs@e342855
10-21 04:23:25.253  1103  1218 V SomeArgsRecycle: sPoolSize = 10,spool is:com.android.internal.os.SomeArgs@e342855
10-21 04:23:25.259  1103  1171 D AppOps  : evalModeInternal-uid:10229 ,code: 27 ,uidState: 400 ,uidCapability: 56 ,opCapability: 4
10-21 04:23:25.260  1103  1171 D AppOps  : evalModeInternal-uid:10229 ,code: 26 ,uidState: 400 ,uidCapability: 56 ,opCapability: 2
10-21 04:23:25.260  1103  1171 D AppOps  : evalModeInternal-uid:10229 ,code: 27 ,uidState: 400 ,uidCapability: 56 ,opCapability: 4
10-21 04:23:25.260  1103  1171 D AppOps  : evalModeInternal-uid:10229 ,code: 26 ,uidState: 400 ,uidCapability: 56 ,opCapability: 2
10-21 04:23:25.272  1103  4274 W ActivityManager: Foreground service started from background can not have location/camera/microphone access: service com.whatsapp/.service.GcmFGService
10-21 04:23:25.274  1103  4274 I ActivityManager: Background started FGS: Allowed [callingPackage: com.whatsapp; callingUid: 10229; uidState: FGS ; uidBFSL: [BFSL]; intent: Intent { cmp=com.whatsapp/.service.GcmFGService }; code:PROC_STATE_FGS; tempAllowListReason:<6cfa629 com.google.android.c2dm.intent.RECEIVE/u0,reasonCode:PUSH_MESSAGING,duration:20000,callingUid:10124>; targetSdkVersion:34; callerTargetSdkVersion:34; startForegroundCount:0; bindFromPackage:null: isBindService:false]; startForegroundDelayMs:59101
10-21 04:23:25.288  1103  1162 V SomeArgsObtain: sPoolSize = 10,spool is:com.android.internal.os.SomeArgs@e342855
10-21 04:23:25.288  1103  1171 V SomeArgsRecycle: sPoolSize = 10,spool is:com.android.internal.os.SomeArgs@e342855
10-21 04:23:25.319  1103  4284 D UnisocWindowManagerService: get resolution = 720x1600
10-21 04:23:25.834  1103  4278 V AlarmManager: set(PendingIntent{3f85b0e: PendingIntentRecord{751392f com.whatsapp broadcastIntent}}) : type=2 listener=null listenerTag=null workSource=null callingPackage=com.whatsapp callingUid=10229 triggerAtTime=115076552 win=0 tElapsed=115076552 maxElapsed=115076552 interval=0 flags=0x5
10-21 04:23:25.836  1103  4274 V AlarmManager: set(PendingIntent{65bdb3c: PendingIntentRecord{e50d0c5 com.whatsapp broadcastIntent}}) : type=3 listener=null listenerTag=null workSource=null callingPackage=com.whatsapp callingUid=10229 triggerAtTime=114491554 win=11249 tElapsed=114491554 maxElapsed=114502803 interval=0 flags=0x0
10-21 04:23:26.238  1103  1123 V BroadcastQueue: Enqueuing BroadcastRecord{faaf258 com.facebook.rti.fbns.intent.RECEIVE/u0} from uid 10068 pid 5346 for 1 receivers
10-21 04:23:26.239  1103  1123 V SomeArgsObtain: sPoolSize = 10,spool is:com.android.internal.os.SomeArgs@e342855
10-21 04:23:26.239  1103  1162 V SomeArgsRecycle: sPoolSize = 10,spool is:com.android.internal.os.SomeArgs@e342855
10-21 04:23:26.248  1103  1123 D PackageManager: Considering set com.facebook.services/com.facebook.oxygen.services.fbns.RegisteredMqttSystemBroadcastReceiver's state as 1 with userId = 0, callingPackage = com.facebook.services:10068
10-21 04:23:26.347  1103  1123 D BiometricService: canAuthenticate: User=0, Caller=0, Authenticators=33023
10-21 04:23:26.348  1103  1123 D BiometricService/PreAuthInfo: Package: com.whatsapp Sensor ID: 1 Modality: 2 Status: 1
10-21 04:23:26.349  1103  1123 D BiometricService/PreAuthInfo: Package: com.whatsapp Sensor ID: 4 Modality: 8 Status: 4
10-21 04:23:26.349  1103  1123 D BiometricService/PreAuthInfo: getCanAuthenticateInternal Modality: 3 AuthenticatorStatus: 1
10-21 04:23:26.349  1103  1123 D AuthService: canAuthenticate, userId: 0, callingUserId: 0, authenticators: 33023, result: 0
10-21 04:23:26.417  1794  1803 V SomeArgsObtain: sPoolSize = 3,spool is:com.android.internal.os.SomeArgs@4282d7e
10-21 04:23:26.418  1794  1794 V SomeArgsRecycle: sPoolSize = 3,spool is:com.android.internal.os.SomeArgs@4282d7e
10-21 04:23:26.424  1794  1803 V SomeArgsObtain: sPoolSize = 3,spool is:com.android.internal.os.SomeArgs@4282d7e
10-21 04:23:26.424  1794  1794 V SomeArgsRecycle: sPoolSize = 3,spool is:com.android.internal.os.SomeArgs@4282d7e
10-21 04:23:26.435  1103  1123 D ActivityManager: Skip enqueue broadcast because no receiver with Intent { act=android.intent.action.BADGE_COUNT_UPDATE flg=0x10 (has extras) }
10-21 04:23:26.638  1103  1103 V SomeArgsObtain: sPoolSize = 10,spool is:com.android.internal.os.SomeArgs@e342855
10-21 04:23:26.638  1103  1103 V SomeArgsObtain: sPoolSize = 9,spool is:com.android.internal.os.SomeArgs@2625aea
10-21 04:23:26.638  1103  1103 V SomeArgsObtain: sPoolSize = 8,spool is:com.android.internal.os.SomeArgs@bae51da
10-21 04:23:26.638  1103  1103 V SomeArgsObtain: sPoolSize = 7,spool is:com.android.internal.os.SomeArgs@e58a103
10-21 04:23:26.638  1103  1103 V SomeArgsObtain: sPoolSize = 6,spool is:com.android.internal.os.SomeArgs@60a1c45
10-21 04:23:26.639  1103  1103 V SomeArgsObtain: sPoolSize = 5,spool is:com.android.internal.os.SomeArgs@2806820
10-21 04:23:26.642  1103  1103 V SomeArgsObtain: sPoolSize = 4,spool is:com.android.internal.os.SomeArgs@bbfd861
10-21 04:23:26.642  1103  1103 V SomeArgsObtain: sPoolSize = 3,spool is:com.android.internal.os.SomeArgs@b19ae26
10-21 04:23:26.642  1103  1103 V SomeArgsObtain: sPoolSize = 2,spool is:com.android.internal.os.SomeArgs@fec6074
10-21 04:23:26.642  1103  1103 V SomeArgsObtain: sPoolSize = 1,spool is:com.android.internal.os.SomeArgs@d0fe545
10-21 04:23:26.642  1103  1103 V SomeArgsObtain: sPoolSize = 0,spool is:null
10-21 04:23:26.642  1103  1103 V SomeArgsObtain: sPoolSize = 0,spool is:null
10-21 04:23:26.643  1389  1594 V SomeArgsObtain: sPoolSize = 1,spool is:com.android.internal.os.SomeArgs@9703665
10-21 04:23:26.643  1794  1803 V SomeArgsObtain: sPoolSize = 3,spool is:com.android.internal.os.SomeArgs@4282d7e
10-21 04:23:26.643  1794  1794 V SomeArgsRecycle: sPoolSize = 3,spool is:com.android.internal.os.SomeArgs@4282d7e
10-21 04:23:26.643  1776  3486 V SomeArgsObtain: sPoolSize = 6,spool is:com.android.internal.os.SomeArgs@5e99799
10-21 04:23:26.643  1389  1389 V SomeArgsRecycle: sPoolSize = 1,spool is:com.android.internal.os.SomeArgs@9703665
10-21 04:23:26.644  1103  1103 V SomeArgsObtain: sPoolSize = 0,spool is:null
10-21 04:23:26.644  1776  1776 V SomeArgsRecycle: sPoolSize = 6,spool is:com.android.internal.os.SomeArgs@5e99799
10-21 04:23:26.645  1103  1103 V SomeArgsObtain: sPoolSize = 0,spool is:null
10-21 04:23:26.645  1103  1103 V SomeArgsRecycle: sPoolSize = 1,spool is:com.android.internal.os.SomeArgs@e342855
10-21 04:23:26.645  1103  1103 V SomeArgsRecycle: sPoolSize = 2,spool is:com.android.internal.os.SomeArgs@2625aea
10-21 04:23:26.645  1103  1103 V SomeArgsRecycle: sPoolSize = 3,spool is:com.android.internal.os.SomeArgs@bae51da
10-21 04:23:26.645  1103  1103 V SomeArgsRecycle: sPoolSize = 4,spool is:com.android.internal.os.SomeArgs@e58a103
10-21 04:23:26.645  1103  1103 V SomeArgsRecycle: sPoolSize = 5,spool is:com.android.internal.os.SomeArgs@60a1c45
10-21 04:23:26.645  1103  1103 V SomeArgsRecycle: sPoolSize = 6,spool is:com.android.internal.os.SomeArgs@2806820
10-21 04:23:26.646  1103  1103 V SomeArgsRecycle: sPoolSize = 7,spool is:com.android.internal.os.SomeArgs@bbfd861
10-21 04:23:26.646  1103  1103 V SomeArgsRecycle: sPoolSize = 8,spool is:com.android.internal.os.SomeArgs@b19ae26
10-21 04:23:26.646  1103  1103 V SomeArgsRecycle: sPoolSize = 9,spool is:com.android.internal.os.SomeArgs@fec6074
10-21 04:23:26.646  1103  1103 V SomeArgsRecycle: sPoolSize = 10,spool is:com.android.internal.os.SomeArgs@d0fe545
10-21 04:23:26.646  1103  1103 V SomeArgsRecycle: sPoolSize = 10,spool is:com.android.internal.os.SomeArgs@d0fe545
10-21 04:23:26.646  1103  1103 V SomeArgsRecycle: sPoolSize = 10,spool is:com.android.internal.os.SomeArgs@d0fe545
10-21 04:23:26.646  1103  1103 V SomeArgsRecycle: sPoolSize = 10,spool is:com.android.internal.os.SomeArgs@d0fe545
10-21 04:23:26.647  1103  1103 V SomeArgsRecycle: sPoolSize = 10,spool is:com.android.internal.os.SomeArgs@d0fe545
10-21 04:23:26.648  1794  1803 V SomeArgsObtain: sPoolSize = 3,spool is:com.android.internal.os.SomeArgs@4282d7e
10-21 04:23:26.648  1389  1594 V SomeArgsObtain: sPoolSize = 1,spool is:com.android.internal.os.SomeArgs@9703665
10-21 04:23:26.648  1389  1389 V SomeArgsRecycle: sPoolSize = 1,spool is:com.android.internal.os.SomeArgs@9703665
10-21 04:23:26.648  1794  1794 V SomeArgsRecycle: sPoolSize = 3,spool is:com.android.internal.os.SomeArgs@4282d7e
10-21 04:23:26.648  1776  3486 V SomeArgsObtain: sPoolSize = 6,spool is:com.android.internal.os.SomeArgs@5e99799
10-21 04:23:26.648  1776  1776 V SomeArgsRecycle: sPoolSize = 6,spool is:com.android.internal.os.SomeArgs@5e99799
10-21 04:23:26.664  1103  1123 V AlarmManager: set(PendingIntent{7d1ad7a: PendingIntentRecord{751392f com.whatsapp broadcastIntent}}) : type=2 listener=null listenerTag=null workSource=null callingPackage=com.whatsapp callingUid=10229 triggerAtTime=115077383 win=0 tElapsed=115077383 maxElapsed=115077383 interval=0 flags=0x5
10-21 04:23:26.666  1103  4278 D ActivityManager: Skip enqueue broadcast because no receiver with Intent { act=android.intent.action.SIG_STR flg=0x10 (has extras) }
10-21 04:23:26.730  1103  1123 V AlarmManager: set(PendingIntent{e3b6721: PendingIntentRecord{e50d0c5 com.whatsapp broadcastIntent}}) : type=3 listener=null listenerTag=null workSource=null callingPackage=com.whatsapp callingUid=10229 triggerAtTime=114492449 win=11249 tElapsed=114492449 maxElapsed=114503698 interval=0 flags=0x0
10-21 04:23:27.010  1103  1148 V SomeArgsObtain: sPoolSize = 10,spool is:com.android.internal.os.SomeArgs@d0fe545
10-21 04:23:27.010  1103  1218 V SomeArgsRecycle: sPoolSize = 10,spool is:com.android.internal.os.SomeArgs@d0fe545
10-21 04:23:27.017  1389  1389 V SomeArgsObtain: sPoolSize = 1,spool is:com.android.internal.os.SomeArgs@9703665
10-21 04:23:27.018  1103  1148 V SomeArgsObtain: sPoolSize = 10,spool is:com.android.internal.os.SomeArgs@d0fe545
10-21 04:23:27.019  1103  1218 V SomeArgsRecycle: sPoolSize = 10,spool is:com.android.internal.os.SomeArgs@d0fe545
10-21 04:23:27.019  1794  1803 V SomeArgsObtain: sPoolSize = 3,spool is:com.android.internal.os.SomeArgs@4282d7e
10-21 04:23:27.019  3376 25921 V SomeArgsObtain: sPoolSize = 0,spool is:null
10-21 04:23:27.019  3376  3376 V SomeArgsRecycle: sPoolSize = 1,spool is:com.android.internal.os.SomeArgs@c6e6c9c
10-21 04:23:27.020  1794  1794 V SomeArgsRecycle: sPoolSize = 3,spool is:com.android.internal.os.SomeArgs@4282d7e
10-21 04:23:27.023  3376 25921 V SomeArgsObtain: sPoolSize = 1,spool is:com.android.internal.os.SomeArgs@c6e6c9c
10-21 04:23:27.023  3376  3376 V SomeArgsRecycle: sPoolSize = 1,spool is:com.android.internal.os.SomeArgs@c6e6c9c
10-21 04:23:27.026  1794  1803 V SomeArgsObtain: sPoolSize = 3,spool is:com.android.internal.os.SomeArgs@4282d7e
10-21 04:23:27.026  1794  1794 V SomeArgsRecycle: sPoolSize = 3,spool is:com.android.internal.os.SomeArgs@4282d7e
10-21 04:23:27.028  1794  1803 V SomeArgsObtain: sPoolSize = 3,spool is:com.android.internal.os.SomeArgs@4282d7e
10-21 04:23:27.029  1794  1794 V SomeArgsRecycle: sPoolSize = 3,spool is:com.android.internal.os.SomeArgs@4282d7e
10-21 04:23:27.029  1794  1803 V SomeArgsObtain: sPoolSize = 3,spool is:com.android.internal.os.SomeArgs@4282d7e
10-21 04:23:27.029  1794  1794 V SomeArgsRecycle: sPoolSize = 3,spool is:com.android.internal.os.SomeArgs@4282d7e
10-21 04:23:27.030  1794  1803 V SomeArgsObtain: sPoolSize = 3,spool is:com.android.internal.os.SomeArgs@4282d7e
10-21 04:23:27.031  3376 25921 V SomeArgsObtain: sPoolSize = 1,spool is:com.android.internal.os.SomeArgs@c6e6c9c
10-21 04:23:27.031  1794  1794 V SomeArgsRecycle: sPoolSize = 3,spool is:com.android.internal.os.SomeArgs@4282d7e
10-21 04:23:27.031  3376  3376 V SomeArgsRecycle: sPoolSize = 1,spool is:com.android.internal.os.SomeArgs@c6e6c9c
10-21 04:23:27.056  1103  4274 D UnisocWindowManagerService: get resolution = 720x1600
10-21 04:23:27.075 16917 17669 V SomeArgsObtain: sPoolSize = 1,spool is:com.android.internal.os.SomeArgs@c1464e8
10-21 04:23:27.075  1103  1148 V SomeArgsObtain: sPoolSize = 10,spool is:com.android.internal.os.SomeArgs@d0fe545
10-21 04:23:27.075  1103  1218 V SomeArgsRecycle: sPoolSize = 10,spool is:com.android.internal.os.SomeArgs@d0fe545
10-21 04:23:27.078 16917 16917 V SomeArgsRecycle: sPoolSize = 1,spool is:com.android.internal.os.SomeArgs@c1464e8
10-21 04:23:27.090  1103  4278 D UnisocWindowManagerService: get resolution = 720x1600
10-21 04:23:27.119  1103  1123 D UnisocWindowManagerService: get resolution = 720x1600
10-21 04:23:27.142  1103  1123 D SystemServerTiming: getUserSwitchability-0
10-21 04:23:27.142  1103  1123 D SystemServerTiming: TM.isInCall
10-21 04:23:27.142  1103  4274 D SystemServerTiming: getUserSwitchability-0
10-21 04:23:27.142  1103  4274 D SystemServerTiming: TM.isInCall
10-21 04:23:27.142  1103  1123 D SystemServerTiming: hasUserRestriction-DISALLOW_USER_SWITCH
10-21 04:23:27.143  1103  1123 D SystemServerTiming: getInt-ALLOW_USER_SWITCHING_WHEN_SYSTEM_USER_LOCKED
10-21 04:23:27.143  1103  1123 D SystemServerTiming: isUserUnlocked-USER_SYSTEM
10-21 04:23:27.143  1103  4274 D SystemServerTiming: hasUserRestriction-DISALLOW_USER_SWITCH
